<?xml version="1.0"?>
<ol>
  <li>Before</li>
  <li class="current">Home</li>
</ol>
