<?xml version="1.0"?>
<ol>
  <li class="current">Sample 1, 2</li>
</ol>
