<?xml version="1.0"?>
<ol>
  <li>
    <a href="http://localhost">Home</a>
  </li>
  <li>
    <a href="http://localhost/blog">Blog</a>
  </li>
  <li class="current">Example Category</li>
</ol>
