<!DOCTYPE html PUBLIC "-//W3C//DTD HTML 4.0 Transitional//EN" "http://www.w3.org/TR/REC-html40/loose.dtd">
<html><body>
<ol>
                        <li><a href="http://localhost">Home</a></li>
                                <li><a href="http://localhost/blog">Blog</a></li>
                                <li class="current">Example Category</li>
            </ol>
</body></html>
