
```php
Breadcrumbs::for('home', fn (Generator $trail) => $trail->push('Title Here', route('home')));
```