For example:

```php
Route::get('blog', function() {
    ...
})->name('sample-name');
```