Look in `routes/breadcrumbs.php` for multiple breadcrumbs named `duplicate`.