'Defining Breadcrumbs': 'https://docs.randallwilk.dev/laravel-breadcrumbs/v3/usage/defining-breadcrumbs'
'Laravel Breadcrumbs Documentation': 'https://docs.randallwilk.dev/laravel-breadcrumbs/v3/introduction'
