
```php
Breadcrumbs::for('missing', fn (Generator $trail) => $trail->push('Title Here', url('/')));
```