For example:

```php
Route::view('blog', 'page')->name('sample-name');
```