'Route-Bound Breadcrumbs': 'https://docs.randallwilk.dev/laravel-breadcrumbs/v3/advanced-usage/route-bound-breadcrumbs'
'Silencing Breadcrumb Exceptions': 'https://docs.randallwilk.dev/laravel-breadcrumbs/v3/installation#config'
'Laravel Breadcrumbs Documentation': 'https://docs.randallwilk.dev/laravel-breadcrumbs/v3/introduction'
