Add this to one of the files defined in config/breadcrumbs.php