Look in the following files for multiple breadcrumbs named `duplicate`:

- `breadcrumbs/file1.php`
- `breadcrumbs/file2.php`