'Choosing A Breadcrumbs Template (view)': 'https://docs.randallwilk.dev/laravel-breadcrumbs/v1/'
'Laravel Breadcrumbs Documentation': 'https://docs.randallwilk.dev/laravel-breadcrumbs/v1/introduction'
