'Route-Bound Breadcrumbs': 'https://docs.randallwilk.dev/laravel-breadcrumbs/v1/advanced-usage/route-bound-breadcrumbs'
'Silencing Breadcrumb Exceptions': 'https://docs.randallwilk.dev/laravel-breadcrumbs/v1/installation#config'
'Laravel Breadcrumbs Documentation': 'https://docs.randallwilk.dev/laravel-breadcrumbs/v1/introduction'
