'Defining Breadcrumbs': 'https://docs.randallwilk.dev/laravel-breadcrumbs/v1/'
'Silencing Breadcrumb Exceptions': 'https://docs.randallwilk.dev/laravel-breadcrumbs/v1/installation#config'
'Laravel Breadcrumbs Documentation': 'https://docs.randallwilk.dev/laravel-breadcrumbs/v1/introduction'
