<?xml version="1.0"?>
<nav> &lt;ol&gt; &lt;li&gt;&lt;a href="http://localhost"&gt;Home&lt;/a&gt;&lt;/li&gt; &lt;li&gt;Blog&lt;/li&gt; &lt;li class="current"&gt;Example Category&lt;/li&gt; &lt;/ol&gt; </nav>
