<!DOCTYPE html PUBLIC "-//W3C//DTD HTML 4.0 Transitional//EN" "http://www.w3.org/TR/REC-html40/loose.dtd">
<html><body>
<nav id="layout-nav">
    &lt;ol&gt;
                        &lt;li&gt;&lt;a href="http://localhost"&gt;Home&lt;/a&gt;&lt;/li&gt;
                                &lt;li&gt;Blog&lt;/li&gt;
                                &lt;li class="current"&gt;Example Category&lt;/li&gt;
            &lt;/ol&gt;
</nav>
</body></html>
