<!DOCTYPE html PUBLIC "-//W3C//DTD HTML 4.0 Transitional//EN" "http://www.w3.org/TR/REC-html40/loose.dtd">
<html><body>
<nav id="php-view-nav">
    <ol>
                        <li><a href="http://localhost">Home</a></li>
                                <li>Blog</li>
                                <li class="current">Example Category</li>
            </ol>
</nav>
</body></html>
