<?xml version="1.0"?>
<ol>
  <li>
    <a href="http://localhost">Blog</a>
  </li>
  <li>
    <a href="http://localhost/category/1">Category 1</a>
  </li>
  <li>
    <a href="http://localhost/category/2">Category 2</a>
  </li>
  <li class="current">Category 3</li>
</ol>
