<!DOCTYPE html PUBLIC "-//W3C//DTD HTML 4.0 Transitional//EN" "http://www.w3.org/TR/REC-html40/loose.dtd">
<html><body>
<ol>
                        <li><a href="http://localhost">Blog</a></li>
                                <li><a href="http://localhost/category/1">Category 1</a></li>
                                <li><a href="http://localhost/category/2">Category 2</a></li>
                                <li class="current">Category 3</li>
            </ol>
</body></html>
