<?xml version="1.0"?>
<nav id="404-nav"> &lt;ol&gt; &lt;li&gt;&lt;a href="http://localhost"&gt;Home&lt;/a&gt;&lt;/li&gt; &lt;li class="current"&gt;Not Found&lt;/li&gt; &lt;/ol&gt; </nav>
