<!DOCTYPE html PUBLIC "-//W3C//DTD HTML 4.0 Transitional//EN" "http://www.w3.org/TR/REC-html40/loose.dtd">
<html><body>
<ol>
                        <li><a href="http://localhost/post">Posts</a></li>
                                <li><a href="http://localhost/post/1">Post 1</a></li>
                                <li class="current">Edit Post</li>
            </ol>
</body></html>
