<?xml version="1.0"?>
<ul>
  <li>
    <a href="http://localhost">Home</a>
  </li>
  <li class="current">Post 1</li>
</ul>
