<?xml version="1.0"?>
<ol>
  <li class="current">Loaded</li>
</ol>
