<?xml version="1.0"?>
<nav class="breadcrumb" aria-label="breadcrumbs">
  <ul>
    <li>
      <a href="http://localhost">
                        Home
                    </a>
    </li>
    <li>
      <a href="#">
                        Blog
                    </a>
    </li>
    <li class="is-active">
      <a href="http://localhost/blog/category/123" aria-current="page">
                        Example Category
                    </a>
    </li>
  </ul>
</nav>
