<?xml version="1.0"?>
<nav aria-label="breadcrumbs">
  <ol class="breadcrumb">
    <li class="breadcrumb-item">
      <a href="http://localhost">Home</a>
    </li>
    <li class="breadcrumb-item active" aria-current="page">
                    Blog
                </li>
    <li class="breadcrumb-item active" aria-current="page">
                    Example Category
                </li>
  </ol>
</nav>
